core_cm4.h:1688:22:__NVIC_EnableIRQ	16	static
hc_sr04.c:18:13:TIM3_start	4	static
hc_sr04.c:23:13:TIM3_stop	4	static
hc_sr04.c:28:13:TIM1_start	4	static
hc_sr04.c:33:13:TIM1_stop	4	static
hc_sr04.c:39:6:init_hc_sr04	8	static
hc_sr04.c:46:6:init_trig	4	static
hc_sr04.c:59:6:init_echo	8	static
hc_sr04.c:86:6:TIM3_IRQHandler	4	static
hc_sr04.c:131:10:get_measured_state	8	static
hc_sr04.c:149:10:get_distance_sm	4	static
hc_sr04.c:155:6:init_timers_hc_sr04	8	static
hc_sr04.c:161:6:init_gpio_hc_sr04	8	static
