stm32f4xx_fmc.c:135:6:FMC_NORSRAMDeInit	16	static
stm32f4xx_fmc.c:162:6:FMC_NORSRAMInit	32	static
stm32f4xx_fmc.c:279:6:FMC_NORSRAMStructInit	16	static
stm32f4xx_fmc.c:312:6:FMC_NORSRAMCmd	16	static
stm32f4xx_fmc.c:385:6:FMC_NANDDeInit	16	static
stm32f4xx_fmc.c:400:6:FMC_NANDInit	32	static
stm32f4xx_fmc.c:511:6:FMC_NANDStructInit	16	static
stm32f4xx_fmc.c:540:6:FMC_NANDCmd	16	static
stm32f4xx_fmc.c:580:6:FMC_NANDECCCmd	16	static
stm32f4xx_fmc.c:619:10:FMC_GetECC	24	static
stm32f4xx_fmc.c:683:6:FMC_PCCARDDeInit	4	static
stm32f4xx_fmc.c:700:6:FMC_PCCARDInit	32	static
stm32f4xx_fmc.c:791:6:FMC_PCCARDStructInit	16	static
stm32f4xx_fmc.c:817:6:FMC_PCCARDCmd	16	static
stm32f4xx_fmc.c:889:6:FMC_SDRAMDeInit	16	static
stm32f4xx_fmc.c:909:6:FMC_SDRAMInit	32	static
stm32f4xx_fmc.c:1036:6:FMC_SDRAMStructInit	16	static
stm32f4xx_fmc.c:1066:6:FMC_SDRAMCmdConfig	24	static
stm32f4xx_fmc.c:1092:10:FMC_GetModeStatus	24	static
stm32f4xx_fmc.c:1118:6:FMC_SetRefreshCount	16	static
stm32f4xx_fmc.c:1132:6:FMC_SetAutoRefresh_Number	16	static
stm32f4xx_fmc.c:1148:6:FMC_SDRAMWriteProtectionConfig	16	static
stm32f4xx_fmc.c:1200:6:FMC_ITConfig	24	static
stm32f4xx_fmc.c:1277:12:FMC_GetFlagStatus	24	static
stm32f4xx_fmc.c:1333:6:FMC_ClearFlag	16	static
stm32f4xx_fmc.c:1376:10:FMC_GetITStatus	40	static
stm32f4xx_fmc.c:1448:6:FMC_ClearITPendingBit	16	static
