stm32f4xx_fmc.c:136:6:FMC_NORSRAMDeInit	16	static
stm32f4xx_fmc.c:163:6:FMC_NORSRAMInit	32	static
stm32f4xx_fmc.c:280:6:FMC_NORSRAMStructInit	16	static
stm32f4xx_fmc.c:313:6:FMC_NORSRAMCmd	16	static
stm32f4xx_fmc.c:386:6:FMC_NANDDeInit	16	static
stm32f4xx_fmc.c:401:6:FMC_NANDInit	32	static
stm32f4xx_fmc.c:512:6:FMC_NANDStructInit	16	static
stm32f4xx_fmc.c:541:6:FMC_NANDCmd	16	static
stm32f4xx_fmc.c:581:6:FMC_NANDECCCmd	16	static
stm32f4xx_fmc.c:620:10:FMC_GetECC	24	static
stm32f4xx_fmc.c:684:6:FMC_PCCARDDeInit	4	static
stm32f4xx_fmc.c:701:6:FMC_PCCARDInit	32	static
stm32f4xx_fmc.c:792:6:FMC_PCCARDStructInit	16	static
stm32f4xx_fmc.c:818:6:FMC_PCCARDCmd	16	static
stm32f4xx_fmc.c:890:6:FMC_SDRAMDeInit	16	static
stm32f4xx_fmc.c:910:6:FMC_SDRAMInit	32	static
stm32f4xx_fmc.c:1037:6:FMC_SDRAMStructInit	16	static
stm32f4xx_fmc.c:1067:6:FMC_SDRAMCmdConfig	24	static
stm32f4xx_fmc.c:1093:10:FMC_GetModeStatus	24	static
stm32f4xx_fmc.c:1119:6:FMC_SetRefreshCount	16	static
stm32f4xx_fmc.c:1133:6:FMC_SetAutoRefresh_Number	16	static
stm32f4xx_fmc.c:1149:6:FMC_SDRAMWriteProtectionConfig	16	static
stm32f4xx_fmc.c:1201:6:FMC_ITConfig	24	static
stm32f4xx_fmc.c:1278:12:FMC_GetFlagStatus	24	static
stm32f4xx_fmc.c:1334:6:FMC_ClearFlag	16	static
stm32f4xx_fmc.c:1377:10:FMC_GetITStatus	40	static
stm32f4xx_fmc.c:1449:6:FMC_ClearITPendingBit	16	static
